
==============================================================================
  FASE 3 - RESTAURACION DE ANIO  ->  base OlimpiadasF2_Anio
==============================================================================
[2026-10-04 01:00:01] Log: C:\Users\valer\OneDrive\Desktop\SBD2\BASES2_B_2S2026_PROYECTO_G7\fase2\evidencia\logs\restauracion_anio_20261004_010001.log
[2026-10-04 01:00:01] Repeticiones por medicion: 3
[2026-10-04 01:00:01] Puntos de restauracion declarados: 4

==============================================================================
  RESTAURACION: FULL   (solo catalogos (estado inmediatamente posterior a la carga inicial))
==============================================================================
[2026-10-04 01:00:01] Repeticion 1 de 3
Changed database context to 'master'.
Estado antes de eliminar: atletas=34250 participaciones=58317
Base OlimpiadasF2_Anio eliminada a las 2026-10-04 07:00:01.6564668
base|estado|momento
----|------|-------
OlimpiadasF2_Anio|ELIMINADA|2026-10-04 07:00:01.6564668
01_eliminar_base.sql finalizado.

Changed database context to 'master'.
Restaurando FULL de OlimpiadasF2_Anio en modo RECOVERY - 2026-10-04 07:00:01.8602860
25 percent processed.
51 percent processed.
75 percent processed.
100 percent processed.
Processed 672 pages for database 'OlimpiadasF2_Anio', file 'OlimpiadasF2_Anio' on file 1.
Processed 2 pages for database 'OlimpiadasF2_Anio', file 'OlimpiadasF2_Anio_log' on file 1.
RESTORE DATABASE successfully processed 674 pages in 0.030 seconds (175.390 MB/sec).
operacion|base|modo|archivo|inicio|fin|duracion_ms
---------|----|----|-------|------|---|-----------
RESTORE FULL|OlimpiadasF2_Anio|RECOVERY|/var/opt/mssql/fase2/backups/OlimpiadasF2_Anio_FULL.bak|2026-10-04 07:00:01.860|2026-10-04 07:00:02.322|462
02_restaurar_full.sql finalizado.

[2026-10-04 01:00:02] Repeticion 2 de 3
Changed database context to 'master'.
Estado antes de eliminar: atletas=0 participaciones=0
Base OlimpiadasF2_Anio eliminada a las 2026-10-04 07:00:02.5664199
base|estado|momento
----|------|-------
OlimpiadasF2_Anio|ELIMINADA|2026-10-04 07:00:02.5664199
01_eliminar_base.sql finalizado.

Changed database context to 'master'.
Restaurando FULL de OlimpiadasF2_Anio en modo RECOVERY - 2026-10-04 07:00:02.7740332
25 percent processed.
51 percent processed.
75 percent processed.
100 percent processed.
Processed 672 pages for database 'OlimpiadasF2_Anio', file 'OlimpiadasF2_Anio' on file 1.
Processed 2 pages for database 'OlimpiadasF2_Anio', file 'OlimpiadasF2_Anio_log' on file 1.
RESTORE DATABASE successfully processed 674 pages in 0.023 seconds (228.770 MB/sec).
operacion|base|modo|archivo|inicio|fin|duracion_ms
---------|----|----|-------|------|---|-----------
RESTORE FULL|OlimpiadasF2_Anio|RECOVERY|/var/opt/mssql/fase2/backups/OlimpiadasF2_Anio_FULL.bak|2026-10-04 07:00:02.774|2026-10-04 07:00:03.211|437
02_restaurar_full.sql finalizado.

[2026-10-04 01:00:03] Repeticion 3 de 3
Changed database context to 'master'.
Estado antes de eliminar: atletas=0 participaciones=0
Base OlimpiadasF2_Anio eliminada a las 2026-10-04 07:00:03.4469915
base|estado|momento
----|------|-------
OlimpiadasF2_Anio|ELIMINADA|2026-10-04 07:00:03.4511657
01_eliminar_base.sql finalizado.

Changed database context to 'master'.
Restaurando FULL de OlimpiadasF2_Anio en modo RECOVERY - 2026-10-04 07:00:03.6619430
25 percent processed.
51 percent processed.
75 percent processed.
100 percent processed.
Processed 672 pages for database 'OlimpiadasF2_Anio', file 'OlimpiadasF2_Anio' on file 1.
Processed 2 pages for database 'OlimpiadasF2_Anio', file 'OlimpiadasF2_Anio_log' on file 1.
RESTORE DATABASE successfully processed 674 pages in 0.027 seconds (194.878 MB/sec).
operacion|base|modo|archivo|inicio|fin|duracion_ms
---------|----|----|-------|------|---|-----------
RESTORE FULL|OlimpiadasF2_Anio|RECOVERY|/var/opt/mssql/fase2/backups/OlimpiadasF2_Anio_FULL.bak|2026-10-04 07:00:03.662|2026-10-04 07:00:04.104|442
02_restaurar_full.sql finalizado.

[2026-10-04 01:00:04] Tiempos FULL (ms): 462, 437, 442  -> mediana 442
[2026-10-04 01:00:04] TOTAL mediana: 442 ms

==============================================================================
  VALIDACION de FULL
==============================================================================
Changed database context to 'OlimpiadasF2_Anio'.
base|servidor|fecha_hora_servidor|modelo_recuperacion|estado
----|--------|-------------------|-------------------|------
OlimpiadasF2_Anio|e1c7ee9abb28|2026-10-04 07:00:04.3851086|SIMPLE|ONLINE
tabla|filas
-----|-----
ATLETA|0
DEPORTE|65
DISCIPLINA|117
EDICION_OLIMPICA|61
ENTIDAD_GEOGRAFICA|282
EVENTO|2069
NOC|236
PARTICIPACION|0
POBLACION|17024
SEDE|42
total_filas_en_la_base
----------------------
19896
id_entidad|nombre|codigo_pais
----------|------|-----------
1|Antigua|NULL
2|Bahamas|NULL
3|Cook Islands|NULL
4|Czech Republic|NULL
5|Gambia|NULL
6|Individual Olympic Athletes|NULL
7|NA|NULL
8|Palestine|NULL
9|Republic of Congo|NULL
10|Saint Kitts|NULL
id_deporte|nombre
----------|------
1|Aeronautics
2|Air Sports
3|Aquatics
4|Archery
5|Art Competitions
6|Athletics
7|Australian Rules Football
8|Badminton
9|Bandy
10|Baseball/Softball
id_noc|codigo_noc|nombre_noc|id_entidad|notas
------|----------|----------|----------|-----
1|AFG|Afghanistan|19|NULL
2|AHO|Curacao|68|Netherlands Antilles
3|AIN|NULL|NULL|NULL
4|ALB|Albania|22|NULL
5|ALG|Algeria|77|NULL
6|AND|Andorra|23|NULL
7|ANG|Angola|21|NULL
8|ANT|Antigua|1|Antigua and Barbuda
9|ANZ|Australia|30|Australasia
10|ARG|Argentina|26|NULL
id_sede|nombre|id_pais
-------|------|-------
1|Athina|106
2|Paris|94
3|St. Louis|268
4|London|98
5|Stockholm|240
6|Antwerpen|34
7|Chamonix|94
8|Amsterdam|193
9|Sankt Moritz|54
10|Los Angeles|268
id_edicion|anio|temporada|id_sede
----------|----|---------|-------
1|1896|Summer|1
2|1900|Summer|2
3|1904|Summer|3
4|1906|Intercalated Games|1
5|1908|Summer|4
6|1912|Summer|5
7|1920|Summer|6
8|1924|Summer|2
9|1924|Winter|7
10|1928|Summer|8
id_disciplina|id_deporte|nombre
-------------|----------|------
1|1|Aeronautics
2|2|Ballooning
3|3|Artistic Swimming
4|3|Diving
5|3|Marathon Swimming
6|3|Swimming
7|3|Water Polo
8|4|Archery
9|5|Art Competitions
10|6|Athletics
id_evento|id_disciplina|nombre
---------|-------------|------
1|96|Singles, Men (Olympic)
2|96|Doubles, Men (Olympic)
3|96|Doubles, Mixed (Olympic)
4|94|Singles, Men (Olympic)
5|94|Doubles, Men (Olympic)
6|96|Singles, Handicap, Men (Olympic (non-medal))
7|96|Doubles, Handicap, Men (Olympic (non-medal))
8|41|├ëp├⌐e, Individual, Men (Olympic)
9|41|Tennis
10|41|Doubles, Men (Olympic)
id_entidad|anio|poblacion
----------|----|---------
17|1960|54608
17|1961|55811
17|1962|56682
17|1963|57475
17|1964|58178
17|1965|58782
17|1966|59291
17|1967|59522
17|1968|59471
17|1969|59330
id_atleta|nombre|nombre_completo|nombre_usado|nombre_original|otros_nombres|apodos|orden_nombre|sexo|fecha_nacimiento|ciudad_nacimiento|region_nacimiento|id_pais_nacimiento|id_pais_nacionalidad|fecha_fallecimiento|ciudad_fallecimiento|region_fallecimiento|id_pais_fallecimiento|altura_cm|peso_kg|roles|afiliaciones|titulos|latitud|longitud
---------|------|---------------|------------|---------------|-------------|------|------------|----|----------------|-----------------|-----------------|------------------|--------------------|-------------------|--------------------|--------------------|---------------------|---------|-------|-----|------------|-------|-------|--------
id_participacion|id_atleta|id_edicion|id_evento|id_noc|id_pais_nacionalidad|equipo|nombre_competencia|edad|altura_cm_registrada|peso_kg_registrado|posicion|empatado|estado_resultado|medalla
----------------|---------|----------|---------|------|--------------------|------|------------------|----|--------------------|------------------|--------|--------|----------------|-------
01_conteos_y_muestra.sql finalizado.

Changed database context to 'OlimpiadasF2_Anio'.
tabla|filas_encontradas|filas_esperadas|resultado
-----|-----------------|---------------|---------
ATLETA|0|0|OK
PARTICIPACION|0|0|OK
huerfanos_atleta|huerfanos_edicion|huerfanos_evento|huerfanos_noc|resultado
----------------|-----------------|----------------|-------------|---------
0|0|0|0|OK
Integridad verificada en OlimpiadasF2_Anio: conteos y referencias correctos a las 2026-10-04 07:00:04.6455227
03_alerta_integridad.sql finalizado.

[2026-10-04 01:00:04] Integridad correcta: 0 atletas, 0 participaciones
[2026-10-04 01:00:45] Captura registrada: anio - restauracion FULL

==============================================================================
  RESTAURACION: FULL + DIFF_1   (estado acumulado despues de la carga r1)
==============================================================================
[2026-10-04 01:00:45] Repeticion 1 de 3
Changed database context to 'master'.
Estado antes de eliminar: atletas=0 participaciones=0
Base OlimpiadasF2_Anio eliminada a las 2026-10-04 07:00:46.0281260
base|estado|momento
----|------|-------
OlimpiadasF2_Anio|ELIMINADA|2026-10-04 07:00:46.0281260
01_eliminar_base.sql finalizado.

Changed database context to 'master'.
Restaurando FULL de OlimpiadasF2_Anio en modo NORECOVERY - 2026-10-04 07:00:46.2393064
25 percent processed.
51 percent processed.
75 percent processed.
100 percent processed.
Processed 672 pages for database 'OlimpiadasF2_Anio', file 'OlimpiadasF2_Anio' on file 1.
Processed 2 pages for database 'OlimpiadasF2_Anio', file 'OlimpiadasF2_Anio_log' on file 1.
RESTORE DATABASE successfully processed 674 pages in 0.023 seconds (228.770 MB/sec).
operacion|base|modo|archivo|inicio|fin|duracion_ms
---------|----|----|-------|------|---|-----------
RESTORE FULL|OlimpiadasF2_Anio|NORECOVERY|/var/opt/mssql/fase2/backups/OlimpiadasF2_Anio_FULL.bak|2026-10-04 07:00:46.239|2026-10-04 07:00:46.428|189
02_restaurar_full.sql finalizado.

Changed database context to 'master'.
Aplicando DIFERENCIAL 1 a OlimpiadasF2_Anio - 2026-10-04 07:00:46.6435281
26 percent processed.
53 percent processed.
80 percent processed.
100 percent processed.
Processed 968 pages for database 'OlimpiadasF2_Anio', file 'OlimpiadasF2_Anio' on file 1.
Processed 2 pages for database 'OlimpiadasF2_Anio', file 'OlimpiadasF2_Anio_log' on file 1.
RESTORE DATABASE successfully processed 970 pages in 0.040 seconds (189.355 MB/sec).
operacion|base|archivo|inicio|fin|duracion_ms
---------|----|-------|------|---|-----------
RESTORE DIFERENCIAL 1|OlimpiadasF2_Anio|/var/opt/mssql/fase2/backups/OlimpiadasF2_Anio_DIFF_1.bak|2026-10-04 07:00:46.644|2026-10-04 07:00:47.119|475
03_restaurar_diferencial.sql finalizado.

[2026-10-04 01:00:47] Repeticion 2 de 3
Changed database context to 'master'.
Estado antes de eliminar: atletas=12305 participaciones=15118
Base OlimpiadasF2_Anio eliminada a las 2026-10-04 07:00:47.3642428
base|estado|momento
----|------|-------
OlimpiadasF2_Anio|ELIMINADA|2026-10-04 07:00:47.3642428
01_eliminar_base.sql finalizado.

Changed database context to 'master'.
Restaurando FULL de OlimpiadasF2_Anio en modo NORECOVERY - 2026-10-04 07:00:47.5551473
25 percent processed.
51 percent processed.
75 percent processed.
100 percent processed.
Processed 672 pages for database 'OlimpiadasF2_Anio', file 'OlimpiadasF2_Anio' on file 1.
Processed 2 pages for database 'OlimpiadasF2_Anio', file 'OlimpiadasF2_Anio_log' on file 1.
RESTORE DATABASE successfully processed 674 pages in 0.022 seconds (239.169 MB/sec).
operacion|base|modo|archivo|inicio|fin|duracion_ms
---------|----|----|-------|------|---|-----------
RESTORE FULL|OlimpiadasF2_Anio|NORECOVERY|/var/opt/mssql/fase2/backups/OlimpiadasF2_Anio_FULL.bak|2026-10-04 07:00:47.555|2026-10-04 07:00:47.740|185
02_restaurar_full.sql finalizado.

Changed database context to 'master'.
Aplicando DIFERENCIAL 1 a OlimpiadasF2_Anio - 2026-10-04 07:00:47.9637365
26 percent processed.
53 percent processed.
80 percent processed.
100 percent processed.
Processed 968 pages for database 'OlimpiadasF2_Anio', file 'OlimpiadasF2_Anio' on file 1.
Processed 2 pages for database 'OlimpiadasF2_Anio', file 'OlimpiadasF2_Anio_log' on file 1.
RESTORE DATABASE successfully processed 970 pages in 0.030 seconds (252.473 MB/sec).
operacion|base|archivo|inicio|fin|duracion_ms
---------|----|-------|------|---|-----------
RESTORE DIFERENCIAL 1|OlimpiadasF2_Anio|/var/opt/mssql/fase2/backups/OlimpiadasF2_Anio_DIFF_1.bak|2026-10-04 07:00:47.964|2026-10-04 07:00:48.454|490
03_restaurar_diferencial.sql finalizado.

[2026-10-04 01:00:48] Repeticion 3 de 3
Changed database context to 'master'.
Estado antes de eliminar: atletas=12305 participaciones=15118
Base OlimpiadasF2_Anio eliminada a las 2026-10-04 07:00:48.7103246
base|estado|momento
----|------|-------
OlimpiadasF2_Anio|ELIMINADA|2026-10-04 07:00:48.7103246
01_eliminar_base.sql finalizado.

Changed database context to 'master'.
Restaurando FULL de OlimpiadasF2_Anio en modo NORECOVERY - 2026-10-04 07:00:48.9083637
25 percent processed.
51 percent processed.
75 percent processed.
100 percent processed.
Processed 672 pages for database 'OlimpiadasF2_Anio', file 'OlimpiadasF2_Anio' on file 1.
Processed 2 pages for database 'OlimpiadasF2_Anio', file 'OlimpiadasF2_Anio_log' on file 1.
RESTORE DATABASE successfully processed 674 pages in 0.025 seconds (210.468 MB/sec).
operacion|base|modo|archivo|inicio|fin|duracion_ms
---------|----|----|-------|------|---|-----------
RESTORE FULL|OlimpiadasF2_Anio|NORECOVERY|/var/opt/mssql/fase2/backups/OlimpiadasF2_Anio_FULL.bak|2026-10-04 07:00:48.908|2026-10-04 07:00:49.110|202
02_restaurar_full.sql finalizado.

Changed database context to 'master'.
Aplicando DIFERENCIAL 1 a OlimpiadasF2_Anio - 2026-10-04 07:00:49.3213252
26 percent processed.
53 percent processed.
80 percent processed.
100 percent processed.
Processed 968 pages for database 'OlimpiadasF2_Anio', file 'OlimpiadasF2_Anio' on file 1.
Processed 2 pages for database 'OlimpiadasF2_Anio', file 'OlimpiadasF2_Anio_log' on file 1.
RESTORE DATABASE successfully processed 970 pages in 0.026 seconds (291.316 MB/sec).
operacion|base|archivo|inicio|fin|duracion_ms
---------|----|-------|------|---|-----------
RESTORE DIFERENCIAL 1|OlimpiadasF2_Anio|/var/opt/mssql/fase2/backups/OlimpiadasF2_Anio_DIFF_1.bak|2026-10-04 07:00:49.321|2026-10-04 07:00:49.759|438
03_restaurar_diferencial.sql finalizado.

[2026-10-04 01:00:49] Tiempos FULL (ms): 189, 185, 202  -> mediana 189
[2026-10-04 01:00:49] Tiempos DIFF (ms): 475, 490, 438  -> mediana 475
[2026-10-04 01:00:49] TOTAL mediana: 664 ms

==============================================================================
  VALIDACION de FULL + DIFF_1
==============================================================================
Changed database context to 'OlimpiadasF2_Anio'.
base|servidor|fecha_hora_servidor|modelo_recuperacion|estado
----|--------|-------------------|-------------------|------
OlimpiadasF2_Anio|e1c7ee9abb28|2026-10-04 07:00:50.0313673|SIMPLE|ONLINE
tabla|filas
-----|-----
ATLETA|12305
DEPORTE|65
DISCIPLINA|117
EDICION_OLIMPICA|61
ENTIDAD_GEOGRAFICA|282
EVENTO|2069
NOC|236
PARTICIPACION|15118
POBLACION|17024
SEDE|42
total_filas_en_la_base
----------------------
47319
id_entidad|nombre|codigo_pais
----------|------|-----------
1|Antigua|NULL
2|Bahamas|NULL
3|Cook Islands|NULL
4|Czech Republic|NULL
5|Gambia|NULL
6|Individual Olympic Athletes|NULL
7|NA|NULL
8|Palestine|NULL
9|Republic of Congo|NULL
10|Saint Kitts|NULL
id_deporte|nombre
----------|------
1|Aeronautics
2|Air Sports
3|Aquatics
4|Archery
5|Art Competitions
6|Athletics
7|Australian Rules Football
8|Badminton
9|Bandy
10|Baseball/Softball
id_noc|codigo_noc|nombre_noc|id_entidad|notas
------|----------|----------|----------|-----
1|AFG|Afghanistan|19|NULL
2|AHO|Curacao|68|Netherlands Antilles
3|AIN|NULL|NULL|NULL
4|ALB|Albania|22|NULL
5|ALG|Algeria|77|NULL
6|AND|Andorra|23|NULL
7|ANG|Angola|21|NULL
8|ANT|Antigua|1|Antigua and Barbuda
9|ANZ|Australia|30|Australasia
10|ARG|Argentina|26|NULL
id_sede|nombre|id_pais
-------|------|-------
1|Athina|106
2|Paris|94
3|St. Louis|268
4|London|98
5|Stockholm|240
6|Antwerpen|34
7|Chamonix|94
8|Amsterdam|193
9|Sankt Moritz|54
10|Los Angeles|268
id_edicion|anio|temporada|id_sede
----------|----|---------|-------
1|1896|Summer|1
2|1900|Summer|2
3|1904|Summer|3
4|1906|Intercalated Games|1
5|1908|Summer|4
6|1912|Summer|5
7|1920|Summer|6
8|1924|Summer|2
9|1924|Winter|7
10|1928|Summer|8
id_disciplina|id_deporte|nombre
-------------|----------|------
1|1|Aeronautics
2|2|Ballooning
3|3|Artistic Swimming
4|3|Diving
5|3|Marathon Swimming
6|3|Swimming
7|3|Water Polo
8|4|Archery
9|5|Art Competitions
10|6|Athletics
id_evento|id_disciplina|nombre
---------|-------------|------
1|96|Singles, Men (Olympic)
2|96|Doubles, Men (Olympic)
3|96|Doubles, Mixed (Olympic)
4|94|Singles, Men (Olympic)
5|94|Doubles, Men (Olympic)
6|96|Singles, Handicap, Men (Olympic (non-medal))
7|96|Doubles, Handicap, Men (Olympic (non-medal))
8|41|├ëp├⌐e, Individual, Men (Olympic)
9|41|Tennis
10|41|Doubles, Men (Olympic)
id_entidad|anio|poblacion
----------|----|---------
17|1960|54608
17|1961|55811
17|1962|56682
17|1963|57475
17|1964|58178
17|1965|58782
17|1966|59291
17|1967|59522
17|1968|59471
17|1969|59330
id_atleta|nombre|nombre_completo|nombre_usado|nombre_original|otros_nombres|apodos|orden_nombre|sexo|fecha_nacimiento|ciudad_nacimiento|region_nacimiento|id_pais_nacimiento|id_pais_nacionalidad|fecha_fallecimiento|ciudad_fallecimiento|region_fallecimiento|id_pais_fallecimiento|altura_cm|peso_kg|roles|afiliaciones|titulos|latitud|longitud
---------|------|---------------|------------|---------------|-------------|------|------------|----|----------------|-----------------|-----------------|------------------|--------------------|-------------------|--------------------|--------------------|---------------------|---------|-------|-----|------------|-------|-------|--------
287|Leander Paes|Leander Adrian Paes|LeanderΓÇóPaes|αñ▓αñ┐αñÅαñéαñíαñ░ΓÇóαñ¬αÑçαñ╕|NULL|NULL|NULL|Male|1973-06-17|Kolkata (Calcutta)|West Bengal|126|NULL|NULL|NULL|NULL|NULL|178.00|77.00|Competed in Olympic Games ΓÇó Other|NULL|NULL|22.6012775000000000|88.3841474000000000
691|Uladzimir Samsonau|Uladzimir Viktaravich Samsonau|UladzimirΓÇóSamsonau|╨ú╨╗╨░╨┤╨╖╤û╨╝╤û╤Ç ╨Æ╤û╨║╤é╨░╤Ç╨░╨▓╤û╤çΓÇó╨í╨░╨╝╤ü╨╛╨╜╨░╤₧|Vladimir Viktorovich Samsonov, ╨Æ╨╗╨░╨┤╨╕╨╝╨╕╤Ç ╨Æ╨╕╨║╤é╨╛╤Ç╨╛╨▓╨╕╤ç ╨í╨░╨╝╤ü╨╛╨╜╨╛╨▓|NULL|NULL|Male|1976-04-17|Minsk|Minsk|42|NULL|NULL|NULL|NULL|NULL|189.00|83.00|Competed in Olympic Games|Royal Villette Charleroi, Charleroi (BEL)|NULL|53.8969066000000000|27.5509108000000000
754|Daniel Nestor|Daniel Mark Nestor|DanielΓÇóNestor|NULL|Danijel Nestorovi─ç, ╨ö╨░╨╜╨╕╤ÿ╨╡╨╗ ╨¥╨╡╤ü╤é╨╛╤Ç╨╛╨▓╨╕╤¢|NULL|NULL|Male|1972-09-04|Beograd (Belgrade)|Beograd|231|NULL|NULL|NULL|NULL|NULL|191.00|87.00|Competed in Olympic Games|NULL|NULL|44.8178131000000000|20.4568974000000000
1011|Funke Oshonaike|Olufunke "Funke" Oshonaike (-Irabor)|FunkeΓÇóOshonaike|NULL|NULL|NULL|NULL|Female|1975-10-28|Lagos|Lagos|191|NULL|NULL|NULL|NULL|NULL|167.00|59.00|Competed in Olympic Games ΓÇó Other|Sports Club Poppenb├╝ttel III, Hamburg, GER|NULL|NULL|NULL
1023|Segun Toriola|Segun Moses Toriola|SegunΓÇóToriola|NULL|NULL|NULL|NULL|Male|1974-09-18|Ilorin|Kwara|191|NULL|NULL|NULL|NULL|NULL|182.00|70.00|Competed in Olympic Games|TTC FVT de Keij, NED|NULL|8.4963657000000000|4.5480484000000000
1088|Aleksandar Nikolov|Aleksandar D. Nikolov|AleksandarΓÇóNikolov|╨É╨╗╨╡╨║╤ü╨░╨╜╨┤╤è╤ÇΓÇó╨¥╨╕╨║╨╛╨╗╨╛╨▓|NULL|NULL|NULL|Male|1940-03-04|?|NULL|38|NULL|NULL|NULL|NULL|NULL|182.00|81.00|Competed in Olympic Games ΓÇó Referee|NULL|NULL|40.4194843000000000|-3.7076302000000000
1839|Mohamed Mahmoud|Mohamed Mahmoud Abdu Khalifa|MohamedΓÇóMahmoud|┘à╪¡┘à╪»ΓÇó┘à╪¡┘à┘ê╪» ╪╣╪¿╪»┘ç ╪«┘ä┘è┘ü╪⌐|NULL|NULL|NULL|Male|1971-06-10|NULL|NULL|NULL|NULL|NULL|NULL|NULL|NULL|186.00|91.00|Competed in Olympic Games|NULL|NULL|40.4194843000000000|-3.7076302000000000
2425|David Serrano|David Serrano V├¡lchez|DavidΓÇóSerrano|NULL|NULL|NULL|NULL|Male|1968-10-11|Granada|Granada|87|NULL|NULL|NULL|NULL|NULL|180.00|75.00|Competed in Olympic Games|NULL|NULL|37.1734995000000000|-3.5995337000000000
2552|Martina Hingis|Martina Hingis (-Hutin, -Leeman)|MartinaΓÇóHingis|NULL|NULL|NULL|NULL|Female|1980-09-30|Ko┼íice|Ko┼íice|238|NULL|NULL|NULL|NULL|NULL|170.00|59.00|Competed in Olympic Games|NULL|NULL|48.7220196000000000|21.2692121000000000
2597|Mikael Appelgren|Kent Mikael Appelgren|MikaelΓÇóAppelgren|NULL|NULL|├äpplet|NULL|Male|1961-10-15|Stockholm|Stockholm|240|NULL|NULL|NULL|NULL|NULL|178.00|65.00|Competed in Olympic Games|├ängby SK, V├ñllingby, Stockholm (SWE)|NULL|44.4833009000000000|-92.2621214000000000
id_participacion|id_atleta|id_edicion|id_evento|id_noc|id_pais_nacionalidad|equipo|nombre_competencia|edad|altura_cm_registrada|peso_kg_registrado|posicion|empatado|estado_resultado|medalla
----------------|---------|----------|---------|------|--------------------|------|------------------|----|--------------------|------------------|--------|--------|----------------|-------
824|287|54|2|96|NULL|Rohan Bopanna|Leander Paes|NULL|NULL|NULL|17|1|NULL|NULL
1728|691|54|4|27|NULL|NULL|Uladzimir Samsonau|NULL|NULL|NULL|4|0|NULL|NULL
1909|754|54|2|38|NULL|Vasek Pospisil|Daniel Nestor|NULL|NULL|NULL|4|0|NULL|NULL
2558|1011|54|31|153|NULL|NULL|Funke Oshonaike|NULL|NULL|NULL|49|1|NULL|NULL
2594|1023|54|4|153|NULL|NULL|Segun Toriola|NULL|NULL|NULL|33|1|NULL|NULL
2595|1023|54|54|153|NULL|Nigeria|Segun Toriola|NULL|NULL|NULL|9|1|NULL|NULL
5266|2552|54|27|197|NULL|Timea Bacsinszky|Martina Hingis|NULL|NULL|NULL|2|0|NULL|Silver
6005|2809|54|4|192|NULL|NULL|Aleksandar Karaka┼íevi─ç|NULL|NULL|NULL|49|1|NULL|NULL
14040|9161|54|183|14|NULL|NULL|Martin Marinov|NULL|NULL|NULL|14|0|NULL|NULL
14041|9161|54|185|14|NULL|Ferenc Szeksz├írdi|Martin Marinov|NULL|NULL|NULL|10|0|NULL|NULL
01_conteos_y_muestra.sql finalizado.

Changed database context to 'OlimpiadasF2_Anio'.
tabla|filas_encontradas|filas_esperadas|resultado
-----|-----------------|---------------|---------
ATLETA|12305|12305|OK
PARTICIPACION|15118|15118|OK
huerfanos_atleta|huerfanos_edicion|huerfanos_evento|huerfanos_noc|resultado
----------------|-----------------|----------------|-------------|---------
0|0|0|0|OK
Integridad verificada en OlimpiadasF2_Anio: conteos y referencias correctos a las 2026-10-04 07:00:50.3291283
03_alerta_integridad.sql finalizado.

[2026-10-04 01:00:50] Integridad correcta: 12305 atletas, 15118 participaciones
[2026-10-04 01:01:21] Captura registrada: anio - restauracion FULL + DIFF_1

==============================================================================
  RESTAURACION: FULL + DIFF_2   (estado acumulado despues de la carga r2)
==============================================================================
[2026-10-04 01:01:21] Repeticion 1 de 3
Changed database context to 'master'.
Estado antes de eliminar: atletas=12305 participaciones=15118
Base OlimpiadasF2_Anio eliminada a las 2026-10-04 07:01:21.7290989
base|estado|momento
----|------|-------
OlimpiadasF2_Anio|ELIMINADA|2026-10-04 07:01:21.7290989
01_eliminar_base.sql finalizado.

Changed database context to 'master'.
Restaurando FULL de OlimpiadasF2_Anio en modo NORECOVERY - 2026-10-04 07:01:21.9318043
25 percent processed.
51 percent processed.
75 percent processed.
100 percent processed.
Processed 672 pages for database 'OlimpiadasF2_Anio', file 'OlimpiadasF2_Anio' on file 1.
Processed 2 pages for database 'OlimpiadasF2_Anio', file 'OlimpiadasF2_Anio_log' on file 1.
RESTORE DATABASE successfully processed 674 pages in 0.025 seconds (210.468 MB/sec).
operacion|base|modo|archivo|inicio|fin|duracion_ms
---------|----|----|-------|------|---|-----------
RESTORE FULL|OlimpiadasF2_Anio|NORECOVERY|/var/opt/mssql/fase2/backups/OlimpiadasF2_Anio_FULL.bak|2026-10-04 07:01:21.932|2026-10-04 07:01:22.129|197
02_restaurar_full.sql finalizado.

Changed database context to 'master'.
Aplicando DIFERENCIAL 2 a OlimpiadasF2_Anio - 2026-10-04 07:01:22.3404176
28 percent processed.
51 percent processed.
80 percent processed.
100 percent processed.
Processed 2232 pages for database 'OlimpiadasF2_Anio', file 'OlimpiadasF2_Anio' on file 1.
Processed 2 pages for database 'OlimpiadasF2_Anio', file 'OlimpiadasF2_Anio_log' on file 1.
RESTORE DATABASE successfully processed 2234 pages in 0.084 seconds (207.728 MB/sec).
operacion|base|archivo|inicio|fin|duracion_ms
---------|----|-------|------|---|-----------
RESTORE DIFERENCIAL 2|OlimpiadasF2_Anio|/var/opt/mssql/fase2/backups/OlimpiadasF2_Anio_DIFF_2.bak|2026-10-04 07:01:22.340|2026-10-04 07:01:22.894|554
03_restaurar_diferencial.sql finalizado.

[2026-10-04 01:01:22] Repeticion 2 de 3
Changed database context to 'master'.
Estado antes de eliminar: atletas=26621 participaciones=43547
Base OlimpiadasF2_Anio eliminada a las 2026-10-04 07:01:23.1713696
base|estado|momento
----|------|-------
OlimpiadasF2_Anio|ELIMINADA|2026-10-04 07:01:23.1713696
01_eliminar_base.sql finalizado.

Changed database context to 'master'.
Restaurando FULL de OlimpiadasF2_Anio en modo NORECOVERY - 2026-10-04 07:01:23.3866794
25 percent processed.
51 percent processed.
75 percent processed.
100 percent processed.
Processed 672 pages for database 'OlimpiadasF2_Anio', file 'OlimpiadasF2_Anio' on file 1.
Processed 2 pages for database 'OlimpiadasF2_Anio', file 'OlimpiadasF2_Anio_log' on file 1.
RESTORE DATABASE successfully processed 674 pages in 0.033 seconds (159.446 MB/sec).
operacion|base|modo|archivo|inicio|fin|duracion_ms
---------|----|----|-------|------|---|-----------
RESTORE FULL|OlimpiadasF2_Anio|NORECOVERY|/var/opt/mssql/fase2/backups/OlimpiadasF2_Anio_FULL.bak|2026-10-04 07:01:23.387|2026-10-04 07:01:23.646|259
02_restaurar_full.sql finalizado.

Changed database context to 'master'.
Aplicando DIFERENCIAL 2 a OlimpiadasF2_Anio - 2026-10-04 07:01:23.8522231
28 percent processed.
51 percent processed.
80 percent processed.
100 percent processed.
Processed 2232 pages for database 'OlimpiadasF2_Anio', file 'OlimpiadasF2_Anio' on file 1.
Processed 2 pages for database 'OlimpiadasF2_Anio', file 'OlimpiadasF2_Anio_log' on file 1.
RESTORE DATABASE successfully processed 2234 pages in 0.073 seconds (239.030 MB/sec).
operacion|base|archivo|inicio|fin|duracion_ms
---------|----|-------|------|---|-----------
RESTORE DIFERENCIAL 2|OlimpiadasF2_Anio|/var/opt/mssql/fase2/backups/OlimpiadasF2_Anio_DIFF_2.bak|2026-10-04 07:01:23.852|2026-10-04 07:01:24.379|527
03_restaurar_diferencial.sql finalizado.

[2026-10-04 01:01:24] Repeticion 3 de 3
Changed database context to 'master'.
Estado antes de eliminar: atletas=26621 participaciones=43547
Base OlimpiadasF2_Anio eliminada a las 2026-10-04 07:01:24.6477188
base|estado|momento
----|------|-------
OlimpiadasF2_Anio|ELIMINADA|2026-10-04 07:01:24.6477188
01_eliminar_base.sql finalizado.

Changed database context to 'master'.
Restaurando FULL de OlimpiadasF2_Anio en modo NORECOVERY - 2026-10-04 07:01:24.8427784
25 percent processed.
51 percent processed.
75 percent processed.
100 percent processed.
Processed 672 pages for database 'OlimpiadasF2_Anio', file 'OlimpiadasF2_Anio' on file 1.
Processed 2 pages for database 'OlimpiadasF2_Anio', file 'OlimpiadasF2_Anio_log' on file 1.
RESTORE DATABASE successfully processed 674 pages in 0.023 seconds (228.770 MB/sec).
operacion|base|modo|archivo|inicio|fin|duracion_ms
---------|----|----|-------|------|---|-----------
RESTORE FULL|OlimpiadasF2_Anio|NORECOVERY|/var/opt/mssql/fase2/backups/OlimpiadasF2_Anio_FULL.bak|2026-10-04 07:01:24.843|2026-10-04 07:01:25.045|202
02_restaurar_full.sql finalizado.

Changed database context to 'master'.
Aplicando DIFERENCIAL 2 a OlimpiadasF2_Anio - 2026-10-04 07:01:25.2366910
28 percent processed.
51 percent processed.
80 percent processed.
100 percent processed.
Processed 2232 pages for database 'OlimpiadasF2_Anio', file 'OlimpiadasF2_Anio' on file 1.
Processed 2 pages for database 'OlimpiadasF2_Anio', file 'OlimpiadasF2_Anio_log' on file 1.
RESTORE DATABASE successfully processed 2234 pages in 0.089 seconds (196.058 MB/sec).
operacion|base|archivo|inicio|fin|duracion_ms
---------|----|-------|------|---|-----------
RESTORE DIFERENCIAL 2|OlimpiadasF2_Anio|/var/opt/mssql/fase2/backups/OlimpiadasF2_Anio_DIFF_2.bak|2026-10-04 07:01:25.237|2026-10-04 07:01:25.890|653
03_restaurar_diferencial.sql finalizado.

[2026-10-04 01:01:25] Tiempos FULL (ms): 197, 259, 202  -> mediana 202
[2026-10-04 01:01:25] Tiempos DIFF (ms): 554, 527, 653  -> mediana 554
[2026-10-04 01:01:25] TOTAL mediana: 756 ms

==============================================================================
  VALIDACION de FULL + DIFF_2
==============================================================================
Changed database context to 'OlimpiadasF2_Anio'.
base|servidor|fecha_hora_servidor|modelo_recuperacion|estado
----|--------|-------------------|-------------------|------
OlimpiadasF2_Anio|e1c7ee9abb28|2026-10-04 07:01:26.2449194|SIMPLE|ONLINE
tabla|filas
-----|-----
ATLETA|26621
DEPORTE|65
DISCIPLINA|117
EDICION_OLIMPICA|61
ENTIDAD_GEOGRAFICA|282
EVENTO|2069
NOC|236
PARTICIPACION|43547
POBLACION|17024
SEDE|42
total_filas_en_la_base
----------------------
90064
id_entidad|nombre|codigo_pais
----------|------|-----------
1|Antigua|NULL
2|Bahamas|NULL
3|Cook Islands|NULL
4|Czech Republic|NULL
5|Gambia|NULL
6|Individual Olympic Athletes|NULL
7|NA|NULL
8|Palestine|NULL
9|Republic of Congo|NULL
10|Saint Kitts|NULL
id_deporte|nombre
----------|------
1|Aeronautics
2|Air Sports
3|Aquatics
4|Archery
5|Art Competitions
6|Athletics
7|Australian Rules Football
8|Badminton
9|Bandy
10|Baseball/Softball
id_noc|codigo_noc|nombre_noc|id_entidad|notas
------|----------|----------|----------|-----
1|AFG|Afghanistan|19|NULL
2|AHO|Curacao|68|Netherlands Antilles
3|AIN|NULL|NULL|NULL
4|ALB|Albania|22|NULL
5|ALG|Algeria|77|NULL
6|AND|Andorra|23|NULL
7|ANG|Angola|21|NULL
8|ANT|Antigua|1|Antigua and Barbuda
9|ANZ|Australia|30|Australasia
10|ARG|Argentina|26|NULL
id_sede|nombre|id_pais
-------|------|-------
1|Athina|106
2|Paris|94
3|St. Louis|268
4|London|98
5|Stockholm|240
6|Antwerpen|34
7|Chamonix|94
8|Amsterdam|193
9|Sankt Moritz|54
10|Los Angeles|268
id_edicion|anio|temporada|id_sede
----------|----|---------|-------
1|1896|Summer|1
2|1900|Summer|2
3|1904|Summer|3
4|1906|Intercalated Games|1
5|1908|Summer|4
6|1912|Summer|5
7|1920|Summer|6
8|1924|Summer|2
9|1924|Winter|7
10|1928|Summer|8
id_disciplina|id_deporte|nombre
-------------|----------|------
1|1|Aeronautics
2|2|Ballooning
3|3|Artistic Swimming
4|3|Diving
5|3|Marathon Swimming
6|3|Swimming
7|3|Water Polo
8|4|Archery
9|5|Art Competitions
10|6|Athletics
id_evento|id_disciplina|nombre
---------|-------------|------
1|96|Singles, Men (Olympic)
2|96|Doubles, Men (Olympic)
3|96|Doubles, Mixed (Olympic)
4|94|Singles, Men (Olympic)
5|94|Doubles, Men (Olympic)
6|96|Singles, Handicap, Men (Olympic (non-medal))
7|96|Doubles, Handicap, Men (Olympic (non-medal))
8|41|├ëp├⌐e, Individual, Men (Olympic)
9|41|Tennis
10|41|Doubles, Men (Olympic)
id_entidad|anio|poblacion
----------|----|---------
17|1960|54608
17|1961|55811
17|1962|56682
17|1963|57475
17|1964|58178
17|1965|58782
17|1966|59291
17|1967|59522
17|1968|59471
17|1969|59330
id_atleta|nombre|nombre_completo|nombre_usado|nombre_original|otros_nombres|apodos|orden_nombre|sexo|fecha_nacimiento|ciudad_nacimiento|region_nacimiento|id_pais_nacimiento|id_pais_nacionalidad|fecha_fallecimiento|ciudad_fallecimiento|region_fallecimiento|id_pais_fallecimiento|altura_cm|peso_kg|roles|afiliaciones|titulos|latitud|longitud
---------|------|---------------|------------|---------------|-------------|------|------------|----|----------------|-----------------|-----------------|------------------|--------------------|-------------------|--------------------|--------------------|---------------------|---------|-------|-----|------------|-------|-------|--------
75|Simon Archer|Simon David Archer|SimonΓÇóArcher|NULL|NULL|NULL|NULL|Male|1973-06-27|Leamington Spa|England|98|NULL|NULL|NULL|NULL|NULL|189.00|86.00|Competed in Olympic Games|Wimbledon|NULL|52.2913394000000000|-1.5364040000000000
76|Roper Barrett|Herbert Roper Barrett|RoperΓÇóBarrett|NULL|J.Verne|NULL|NULL|Male|1873-11-24|Upton|England|98|NULL|1943-07-27|Horsham|England|98|NULL|NULL|Competed in Olympic Games|NULL|NULL|52.5907194000000000|-.3672758000000000
165|Helen Amankwah|Helen Amankwah|HelenΓÇóAmankwah|NULL|NULL|NULL|NULL|Female|1964-04-13|NULL|NULL|NULL|NULL|NULL|NULL|NULL|NULL|NULL|NULL|Competed in Olympic Games|NULL|NULL|40.4194843000000000|-3.7076302000000000
168|Winifred Addy|Winifred Addy|WinifredΓÇóAddy|NULL|NULL|NULL|NULL|Male|1973-03-17|NULL|NULL|NULL|NULL|NULL|NULL|NULL|NULL|NULL|NULL|Competed in Olympic Games|NULL|NULL|40.4194843000000000|-3.7076302000000000
173|Aristidis Akratopoulos|Aristidis Akratopoulos|AristidisΓÇóAkratopoulos|╬æ╧ü╬╣╧â╧ä╬»╬┤╬╖╧éΓÇó╬æ╬║╧ü╬▒╧ä╧î╧Ç╬┐╧à╬╗╬┐╧â|NULL|NULL|NULL|Male|NULL|NULL|NULL|NULL|NULL|NULL|NULL|NULL|NULL|NULL|NULL|Competed in Olympic Games|Panellinios GS, Athina (GRE)|NULL|40.4194843000000000|-3.7076302000000000
188|Ronald Ag├⌐nor|Ronald Jean-Martin Ag├⌐nor|RonaldΓÇóAg├⌐nor|NULL|NULL|NULL|NULL|Male|1964-11-13|Rabat|Rabat-Sal├⌐-K├⌐nitra|165|NULL|NULL|NULL|NULL|NULL|180.00|79.00|Competed in Olympic Games ΓÇó Competed in Olympic Games (non-medal events) ΓÇó Other|NULL|NULL|34.0223600000000000|-6.8340222000000000
250|Antonius Ariantho|Antonius Budi Ariantho|AntoniusΓÇóAriantho|NULL|NULL|NULL|NULL|Male|1971-10-03|Pekalongan|Jawa Tengah|123|NULL|NULL|NULL|NULL|NULL|170.00|66.00|Competed in Olympic Games|PB Djarum, Kudus (INA)|NULL|-7.0418471000000000|109.6198874814006000
275|Anand Amritraj|Anand Amritraj|AnandΓÇóAmritraj|α«åα«⌐α«¿α»ìα«ñα»ìΓÇóα«àα««α»ìα«░α«┐α«ñα»ìα«░α«╛α«£α»ì|NULL|NULL|NULL|Male|1952-03-20|Chennai (Madras)|Tamil Nadu|126|NULL|NULL|NULL|NULL|NULL|185.00|77.00|Competed in Olympic Games|NULL|NULL|13.0659961000000000|80.2056340461640200
276|Vijay Amritraj|Vijay Amritraj|VijayΓÇóAmritraj|α«╡α«┐α«£α«»α»ìΓÇóα«àα««α»ìα«░α«┐α«ñα»ìα«░α«╛α«£α»ì|NULL|NULL|NULL|Male|1953-12-14|Chennai (Madras)|Tamil Nadu|126|NULL|NULL|NULL|NULL|NULL|193.00|75.00|Competed in Olympic Games|NULL|NULL|13.0659961000000000|80.2056340461640200
277|Chetan Baboor|Chetan Panduranga Baboor|ChetanΓÇóBaboor|NULL|NULL|NULL|NULL|Male|1974-04-22|NULL|NULL|NULL|NULL|NULL|NULL|NULL|NULL|188.00|70.00|Competed in Olympic Games|NULL|NULL|40.4194843000000000|-3.7076302000000000
id_participacion|id_atleta|id_edicion|id_evento|id_noc|id_pais_nacionalidad|equipo|nombre_competencia|edad|altura_cm_registrada|peso_kg_registrado|posicion|empatado|estado_resultado|medalla
----------------|---------|----------|---------|------|--------------------|------|------------------|----|--------------------|------------------|--------|--------|----------------|-------
824|287|54|2|96|NULL|Rohan Bopanna|Leander Paes|NULL|NULL|NULL|17|1|NULL|NULL
1728|691|54|4|27|NULL|NULL|Uladzimir Samsonau|NULL|NULL|NULL|4|0|NULL|NULL
1909|754|54|2|38|NULL|Vasek Pospisil|Daniel Nestor|NULL|NULL|NULL|4|0|NULL|NULL
2558|1011|54|31|153|NULL|NULL|Funke Oshonaike|NULL|NULL|NULL|49|1|NULL|NULL
2559|1011|58|31|153|NULL|NULL|Funke Oshonaike|NULL|NULL|NULL|65|1|NULL|NULL
2594|1023|54|4|153|NULL|NULL|Segun Toriola|NULL|NULL|NULL|33|1|NULL|NULL
2595|1023|54|54|153|NULL|Nigeria|Segun Toriola|NULL|NULL|NULL|9|1|NULL|NULL
4110|2060|58|116|167|NULL|Sylwia Zyza┼äska|S┼éawomir Nap┼éoszek|NULL|NULL|NULL|24|0|NULL|NULL
4111|2060|58|70|167|NULL|NULL|S┼éawomir Nap┼éoszek|NULL|NULL|NULL|33|1|NULL|NULL
5266|2552|54|27|197|NULL|Timea Bacsinszky|Martina Hingis|NULL|NULL|NULL|2|0|NULL|Silver
01_conteos_y_muestra.sql finalizado.

Changed database context to 'OlimpiadasF2_Anio'.
tabla|filas_encontradas|filas_esperadas|resultado
-----|-----------------|---------------|---------
ATLETA|26621|26621|OK
PARTICIPACION|43547|43547|OK
huerfanos_atleta|huerfanos_edicion|huerfanos_evento|huerfanos_noc|resultado
----------------|-----------------|----------------|-------------|---------
0|0|0|0|OK
Integridad verificada en OlimpiadasF2_Anio: conteos y referencias correctos a las 2026-10-04 07:01:26.6938798
03_alerta_integridad.sql finalizado.

[2026-10-04 01:01:26] Integridad correcta: 26621 atletas, 43547 participaciones
[2026-10-04 01:02:18] Captura registrada: anio - restauracion FULL + DIFF_2

==============================================================================
  RESTAURACION: FULL + DIFF_3   (estado acumulado despues de la carga r3)
==============================================================================
[2026-10-04 01:02:18] Repeticion 1 de 3
Changed database context to 'master'.
Estado antes de eliminar: atletas=26621 participaciones=43547
Base OlimpiadasF2_Anio eliminada a las 2026-10-04 07:02:19.0405751
base|estado|momento
----|------|-------
OlimpiadasF2_Anio|ELIMINADA|2026-10-04 07:02:19.0405751
01_eliminar_base.sql finalizado.

Changed database context to 'master'.
Restaurando FULL de OlimpiadasF2_Anio en modo NORECOVERY - 2026-10-04 07:02:19.2476943
25 percent processed.
51 percent processed.
75 percent processed.
100 percent processed.
Processed 672 pages for database 'OlimpiadasF2_Anio', file 'OlimpiadasF2_Anio' on file 1.
Processed 2 pages for database 'OlimpiadasF2_Anio', file 'OlimpiadasF2_Anio_log' on file 1.
RESTORE DATABASE successfully processed 674 pages in 0.021 seconds (250.558 MB/sec).
operacion|base|modo|archivo|inicio|fin|duracion_ms
---------|----|----|-------|------|---|-----------
RESTORE FULL|OlimpiadasF2_Anio|NORECOVERY|/var/opt/mssql/fase2/backups/OlimpiadasF2_Anio_FULL.bak|2026-10-04 07:02:19.248|2026-10-04 07:02:19.453|205
02_restaurar_full.sql finalizado.

Changed database context to 'master'.
Aplicando DIFERENCIAL 3 a OlimpiadasF2_Anio - 2026-10-04 07:02:19.6645018
29 percent processed.
54 percent processed.
79 percent processed.
100 percent processed.
Processed 2600 pages for database 'OlimpiadasF2_Anio', file 'OlimpiadasF2_Anio' on file 1.
Processed 2 pages for database 'OlimpiadasF2_Anio', file 'OlimpiadasF2_Anio_log' on file 1.
RESTORE DATABASE successfully processed 2602 pages in 0.097 seconds (209.528 MB/sec).
operacion|base|archivo|inicio|fin|duracion_ms
---------|----|-------|------|---|-----------
RESTORE DIFERENCIAL 3|OlimpiadasF2_Anio|/var/opt/mssql/fase2/backups/OlimpiadasF2_Anio_DIFF_3.bak|2026-10-04 07:02:19.665|2026-10-04 07:02:20.256|591
03_restaurar_diferencial.sql finalizado.

[2026-10-04 01:02:20] Repeticion 2 de 3
Changed database context to 'master'.
Estado antes de eliminar: atletas=34250 participaciones=58317
Base OlimpiadasF2_Anio eliminada a las 2026-10-04 07:02:20.5333489
base|estado|momento
----|------|-------
OlimpiadasF2_Anio|ELIMINADA|2026-10-04 07:02:20.5374448
01_eliminar_base.sql finalizado.

Changed database context to 'master'.
Restaurando FULL de OlimpiadasF2_Anio en modo NORECOVERY - 2026-10-04 07:02:20.7274406
25 percent processed.
51 percent processed.
75 percent processed.
100 percent processed.
Processed 672 pages for database 'OlimpiadasF2_Anio', file 'OlimpiadasF2_Anio' on file 1.
Processed 2 pages for database 'OlimpiadasF2_Anio', file 'OlimpiadasF2_Anio_log' on file 1.
RESTORE DATABASE successfully processed 674 pages in 0.020 seconds (263.085 MB/sec).
operacion|base|modo|archivo|inicio|fin|duracion_ms
---------|----|----|-------|------|---|-----------
RESTORE FULL|OlimpiadasF2_Anio|NORECOVERY|/var/opt/mssql/fase2/backups/OlimpiadasF2_Anio_FULL.bak|2026-10-04 07:02:20.727|2026-10-04 07:02:20.929|202
02_restaurar_full.sql finalizado.

Changed database context to 'master'.
Aplicando DIFERENCIAL 3 a OlimpiadasF2_Anio - 2026-10-04 07:02:21.1206014
29 percent processed.
54 percent processed.
79 percent processed.
100 percent processed.
Processed 2600 pages for database 'OlimpiadasF2_Anio', file 'OlimpiadasF2_Anio' on file 1.
Processed 2 pages for database 'OlimpiadasF2_Anio', file 'OlimpiadasF2_Anio_log' on file 1.
RESTORE DATABASE successfully processed 2602 pages in 0.070 seconds (290.345 MB/sec).
operacion|base|archivo|inicio|fin|duracion_ms
---------|----|-------|------|---|-----------
RESTORE DIFERENCIAL 3|OlimpiadasF2_Anio|/var/opt/mssql/fase2/backups/OlimpiadasF2_Anio_DIFF_3.bak|2026-10-04 07:02:21.121|2026-10-04 07:02:21.654|533
03_restaurar_diferencial.sql finalizado.

[2026-10-04 01:02:21] Repeticion 3 de 3
Changed database context to 'master'.
Estado antes de eliminar: atletas=34250 participaciones=58317
Base OlimpiadasF2_Anio eliminada a las 2026-10-04 07:02:21.9267565
base|estado|momento
----|------|-------
OlimpiadasF2_Anio|ELIMINADA|2026-10-04 07:02:21.9308911
01_eliminar_base.sql finalizado.

Changed database context to 'master'.
Restaurando FULL de OlimpiadasF2_Anio en modo NORECOVERY - 2026-10-04 07:02:22.1335218
25 percent processed.
51 percent processed.
75 percent processed.
100 percent processed.
Processed 672 pages for database 'OlimpiadasF2_Anio', file 'OlimpiadasF2_Anio' on file 1.
Processed 2 pages for database 'OlimpiadasF2_Anio', file 'OlimpiadasF2_Anio_log' on file 1.
RESTORE DATABASE successfully processed 674 pages in 0.025 seconds (210.468 MB/sec).
operacion|base|modo|archivo|inicio|fin|duracion_ms
---------|----|----|-------|------|---|-----------
RESTORE FULL|OlimpiadasF2_Anio|NORECOVERY|/var/opt/mssql/fase2/backups/OlimpiadasF2_Anio_FULL.bak|2026-10-04 07:02:22.134|2026-10-04 07:02:22.319|185
02_restaurar_full.sql finalizado.

Changed database context to 'master'.
Aplicando DIFERENCIAL 3 a OlimpiadasF2_Anio - 2026-10-04 07:02:22.5142580
29 percent processed.
54 percent processed.
79 percent processed.
100 percent processed.
Processed 2600 pages for database 'OlimpiadasF2_Anio', file 'OlimpiadasF2_Anio' on file 1.
Processed 2 pages for database 'OlimpiadasF2_Anio', file 'OlimpiadasF2_Anio_log' on file 1.
RESTORE DATABASE successfully processed 2602 pages in 0.077 seconds (263.950 MB/sec).
operacion|base|archivo|inicio|fin|duracion_ms
---------|----|-------|------|---|-----------
RESTORE DIFERENCIAL 3|OlimpiadasF2_Anio|/var/opt/mssql/fase2/backups/OlimpiadasF2_Anio_DIFF_3.bak|2026-10-04 07:02:22.514|2026-10-04 07:02:22.984|470
03_restaurar_diferencial.sql finalizado.

[2026-10-04 01:02:23] Tiempos FULL (ms): 205, 202, 185  -> mediana 202
[2026-10-04 01:02:23] Tiempos DIFF (ms): 591, 533, 470  -> mediana 533
[2026-10-04 01:02:23] TOTAL mediana: 735 ms

==============================================================================
  VALIDACION de FULL + DIFF_3
==============================================================================
Changed database context to 'OlimpiadasF2_Anio'.
base|servidor|fecha_hora_servidor|modelo_recuperacion|estado
----|--------|-------------------|-------------------|------
OlimpiadasF2_Anio|e1c7ee9abb28|2026-10-04 07:02:23.2366813|SIMPLE|ONLINE
tabla|filas
-----|-----
ATLETA|34250
DEPORTE|65
DISCIPLINA|117
EDICION_OLIMPICA|61
ENTIDAD_GEOGRAFICA|282
EVENTO|2069
NOC|236
PARTICIPACION|58317
POBLACION|17024
SEDE|42
total_filas_en_la_base
----------------------
112463
id_entidad|nombre|codigo_pais
----------|------|-----------
1|Antigua|NULL
2|Bahamas|NULL
3|Cook Islands|NULL
4|Czech Republic|NULL
5|Gambia|NULL
6|Individual Olympic Athletes|NULL
7|NA|NULL
8|Palestine|NULL
9|Republic of Congo|NULL
10|Saint Kitts|NULL
id_deporte|nombre
----------|------
1|Aeronautics
2|Air Sports
3|Aquatics
4|Archery
5|Art Competitions
6|Athletics
7|Australian Rules Football
8|Badminton
9|Bandy
10|Baseball/Softball
id_noc|codigo_noc|nombre_noc|id_entidad|notas
------|----------|----------|----------|-----
1|AFG|Afghanistan|19|NULL
2|AHO|Curacao|68|Netherlands Antilles
3|AIN|NULL|NULL|NULL
4|ALB|Albania|22|NULL
5|ALG|Algeria|77|NULL
6|AND|Andorra|23|NULL
7|ANG|Angola|21|NULL
8|ANT|Antigua|1|Antigua and Barbuda
9|ANZ|Australia|30|Australasia
10|ARG|Argentina|26|NULL
id_sede|nombre|id_pais
-------|------|-------
1|Athina|106
2|Paris|94
3|St. Louis|268
4|London|98
5|Stockholm|240
6|Antwerpen|34
7|Chamonix|94
8|Amsterdam|193
9|Sankt Moritz|54
10|Los Angeles|268
id_edicion|anio|temporada|id_sede
----------|----|---------|-------
1|1896|Summer|1
2|1900|Summer|2
3|1904|Summer|3
4|1906|Intercalated Games|1
5|1908|Summer|4
6|1912|Summer|5
7|1920|Summer|6
8|1924|Summer|2
9|1924|Winter|7
10|1928|Summer|8
id_disciplina|id_deporte|nombre
-------------|----------|------
1|1|Aeronautics
2|2|Ballooning
3|3|Artistic Swimming
4|3|Diving
5|3|Marathon Swimming
6|3|Swimming
7|3|Water Polo
8|4|Archery
9|5|Art Competitions
10|6|Athletics
id_evento|id_disciplina|nombre
---------|-------------|------
1|96|Singles, Men (Olympic)
2|96|Doubles, Men (Olympic)
3|96|Doubles, Mixed (Olympic)
4|94|Singles, Men (Olympic)
5|94|Doubles, Men (Olympic)
6|96|Singles, Handicap, Men (Olympic (non-medal))
7|96|Doubles, Handicap, Men (Olympic (non-medal))
8|41|├ëp├⌐e, Individual, Men (Olympic)
9|41|Tennis
10|41|Doubles, Men (Olympic)
id_entidad|anio|poblacion
----------|----|---------
17|1960|54608
17|1961|55811
17|1962|56682
17|1963|57475
17|1964|58178
17|1965|58782
17|1966|59291
17|1967|59522
17|1968|59471
17|1969|59330
id_atleta|nombre|nombre_completo|nombre_usado|nombre_original|otros_nombres|apodos|orden_nombre|sexo|fecha_nacimiento|ciudad_nacimiento|region_nacimiento|id_pais_nacimiento|id_pais_nacionalidad|fecha_fallecimiento|ciudad_fallecimiento|region_fallecimiento|id_pais_fallecimiento|altura_cm|peso_kg|roles|afiliaciones|titulos|latitud|longitud
---------|------|---------------|------------|---------------|-------------|------|------------|----|----------------|-----------------|-----------------|------------------|--------------------|-------------------|--------------------|--------------------|---------------------|---------|-------|-----|------------|-------|-------|--------
75|Simon Archer|Simon David Archer|SimonΓÇóArcher|NULL|NULL|NULL|NULL|Male|1973-06-27|Leamington Spa|England|98|NULL|NULL|NULL|NULL|NULL|189.00|86.00|Competed in Olympic Games|Wimbledon|NULL|52.2913394000000000|-1.5364040000000000
76|Roper Barrett|Herbert Roper Barrett|RoperΓÇóBarrett|NULL|J.Verne|NULL|NULL|Male|1873-11-24|Upton|England|98|NULL|1943-07-27|Horsham|England|98|NULL|NULL|Competed in Olympic Games|NULL|NULL|52.5907194000000000|-.3672758000000000
165|Helen Amankwah|Helen Amankwah|HelenΓÇóAmankwah|NULL|NULL|NULL|NULL|Female|1964-04-13|NULL|NULL|NULL|NULL|NULL|NULL|NULL|NULL|NULL|NULL|Competed in Olympic Games|NULL|NULL|40.4194843000000000|-3.7076302000000000
168|Winifred Addy|Winifred Addy|WinifredΓÇóAddy|NULL|NULL|NULL|NULL|Male|1973-03-17|NULL|NULL|NULL|NULL|NULL|NULL|NULL|NULL|NULL|NULL|Competed in Olympic Games|NULL|NULL|40.4194843000000000|-3.7076302000000000
173|Aristidis Akratopoulos|Aristidis Akratopoulos|AristidisΓÇóAkratopoulos|╬æ╧ü╬╣╧â╧ä╬»╬┤╬╖╧éΓÇó╬æ╬║╧ü╬▒╧ä╧î╧Ç╬┐╧à╬╗╬┐╧â|NULL|NULL|NULL|Male|NULL|NULL|NULL|NULL|NULL|NULL|NULL|NULL|NULL|NULL|NULL|Competed in Olympic Games|Panellinios GS, Athina (GRE)|NULL|40.4194843000000000|-3.7076302000000000
188|Ronald Ag├⌐nor|Ronald Jean-Martin Ag├⌐nor|RonaldΓÇóAg├⌐nor|NULL|NULL|NULL|NULL|Male|1964-11-13|Rabat|Rabat-Sal├⌐-K├⌐nitra|165|NULL|NULL|NULL|NULL|NULL|180.00|79.00|Competed in Olympic Games ΓÇó Competed in Olympic Games (non-medal events) ΓÇó Other|NULL|NULL|34.0223600000000000|-6.8340222000000000
250|Antonius Ariantho|Antonius Budi Ariantho|AntoniusΓÇóAriantho|NULL|NULL|NULL|NULL|Male|1971-10-03|Pekalongan|Jawa Tengah|123|NULL|NULL|NULL|NULL|NULL|170.00|66.00|Competed in Olympic Games|PB Djarum, Kudus (INA)|NULL|-7.0418471000000000|109.6198874814006000
275|Anand Amritraj|Anand Amritraj|AnandΓÇóAmritraj|α«åα«⌐α«¿α»ìα«ñα»ìΓÇóα«àα««α»ìα«░α«┐α«ñα»ìα«░α«╛α«£α»ì|NULL|NULL|NULL|Male|1952-03-20|Chennai (Madras)|Tamil Nadu|126|NULL|NULL|NULL|NULL|NULL|185.00|77.00|Competed in Olympic Games|NULL|NULL|13.0659961000000000|80.2056340461640200
276|Vijay Amritraj|Vijay Amritraj|VijayΓÇóAmritraj|α«╡α«┐α«£α«»α»ìΓÇóα«àα««α»ìα«░α«┐α«ñα»ìα«░α«╛α«£α»ì|NULL|NULL|NULL|Male|1953-12-14|Chennai (Madras)|Tamil Nadu|126|NULL|NULL|NULL|NULL|NULL|193.00|75.00|Competed in Olympic Games|NULL|NULL|13.0659961000000000|80.2056340461640200
277|Chetan Baboor|Chetan Panduranga Baboor|ChetanΓÇóBaboor|NULL|NULL|NULL|NULL|Male|1974-04-22|NULL|NULL|NULL|NULL|NULL|NULL|NULL|NULL|188.00|70.00|Competed in Olympic Games|NULL|NULL|40.4194843000000000|-3.7076302000000000
id_participacion|id_atleta|id_edicion|id_evento|id_noc|id_pais_nacionalidad|equipo|nombre_competencia|edad|altura_cm_registrada|peso_kg_registrado|posicion|empatado|estado_resultado|medalla
----------------|---------|----------|---------|------|--------------------|------|------------------|----|--------------------|------------------|--------|--------|----------------|-------
824|287|54|2|96|NULL|Rohan Bopanna|Leander Paes|NULL|NULL|NULL|17|1|NULL|NULL
1728|691|54|4|27|NULL|NULL|Uladzimir Samsonau|NULL|NULL|NULL|4|0|NULL|NULL
1909|754|54|2|38|NULL|Vasek Pospisil|Daniel Nestor|NULL|NULL|NULL|4|0|NULL|NULL
2558|1011|54|31|153|NULL|NULL|Funke Oshonaike|NULL|NULL|NULL|49|1|NULL|NULL
2559|1011|58|31|153|NULL|NULL|Funke Oshonaike|NULL|NULL|NULL|65|1|NULL|NULL
2594|1023|54|4|153|NULL|NULL|Segun Toriola|NULL|NULL|NULL|33|1|NULL|NULL
2595|1023|54|54|153|NULL|Nigeria|Segun Toriola|NULL|NULL|NULL|9|1|NULL|NULL
4110|2060|58|116|167|NULL|Sylwia Zyza┼äska|S┼éawomir Nap┼éoszek|NULL|NULL|NULL|24|0|NULL|NULL
4111|2060|58|70|167|NULL|NULL|S┼éawomir Nap┼éoszek|NULL|NULL|NULL|33|1|NULL|NULL
5266|2552|54|27|197|NULL|Timea Bacsinszky|Martina Hingis|NULL|NULL|NULL|2|0|NULL|Silver
01_conteos_y_muestra.sql finalizado.

Changed database context to 'OlimpiadasF2_Anio'.
tabla|filas_encontradas|filas_esperadas|resultado
-----|-----------------|---------------|---------
ATLETA|34250|34250|OK
PARTICIPACION|58317|58317|OK
huerfanos_atleta|huerfanos_edicion|huerfanos_evento|huerfanos_noc|resultado
----------------|-----------------|----------------|-------------|---------
0|0|0|0|OK
Integridad verificada en OlimpiadasF2_Anio: conteos y referencias correctos a las 2026-10-04 07:02:23.8131438
03_alerta_integridad.sql finalizado.

[2026-10-04 01:02:24] Integridad correcta: 34250 atletas, 58317 participaciones
[2026-10-04 01:03:07] Captura registrada: anio - restauracion FULL + DIFF_3

==============================================================================
  RESUMEN DE TIEMPOS
==============================================================================
[2026-10-04 01:03:07] Resultados guardados en C:\Users\valer\OneDrive\Desktop\SBD2\BASES2_B_2S2026_PROYECTO_G7\fase2\evidencia\resultados\tiempos_anio.csv
[2026-10-04 01:03:36] Captura registrada: anio - resumen de tiempos
